lacaidaeneltiempo@gmail.com
saradurley@hotmail.com
wilsonmzutta@hotmail.com
jeblancos57@gmail.com
apaulamoreno26@gmail.com
juancabermudez@gmail.com
jorge8033@yahoo.com
oswaldo.figueredo@msn.com
luzelenaforero@gmail.com
inesduquerestrepo@gmail.com
sdg850@gmail.com
penagosolga@gmail.com
anixmilla@gmail.com
valengsb@gmail.com
suscribe.varias@gmail.com
diego.brand.ruiz@gmail.com
kcamilo29@gmail.com
lfherrerac@gmail.com
jeffrey119804@gmail.com
learroyo20@gmail.com
smarquezmarrugo@gmail.com
juanesteban8@gmail.com
alejogq@gmail.com
melissagutierrezarias@gmail.com
claraeg@hotmail.com
jodiazte@gmail.com
arqhebertomorales@gmail.com
juandavidm95@hotmail.com
jenncastro0601@gmail.com
bzarata@gmail.com
roanmg49@gmail.com
s_urregoc@hotmail.com
francyned01@gmail.com
antecol2@gmail.com
linasanchezhcirugiaoral@gmail.com
lauraarboleda46@gmail.com
adampolanco10@gmail.com
duvandeguerra@gmail.com
alvaromonsa@hotmail.com
beatrizsuaterna@inemjose.edu.co
danielrodrigopiedrahita@gmail.com
sergioc949@gmail.com
lglondon2@gmail.com
omermoreno78@gmail.com
juliocesargomez17@gmail.com
dulcesalazarmoran@gmail.com
ceo@sistemasolympia.com
diegogallon@hotmail.com
malzate493@gmail.com
daniaqs@gmail.com
dvalenciagallego28@gmail.com
hugorey1@gmail.com
manuelamedinago@gmail.com
reina.jk@gmail.com
manuela.perez3045@gmail.com
yfrromerom@poligran.edu.co
jecd99@hotmail.com
andresc.ggallego@gmail.com
salopezccc@gmail.com
oyquial45718@gmail.com
luismadridnavas@gmail.com
skampia@gmail.com
ffcd000@gmail.com
rafamosque78@gmail.com
juansajonia@gmail.com
samadrigal7@gmail.com
astrid.martinez.com+z@gmail.com
hamhius75@gmail.com
jagc.06@gmail.com
juan.vasquezb@udea.edu.co
dzboterom@gmail.com
alex.lozoya@gmail.com
esaenzmateus@gmail.com
marcamtv@gmail.com
mgilv26@gmail.com
bmunozl@unal.edu.co
claudiag.fisica@gmail.com
cis.keyla@gmail.com
mau_bern@yahoo.com
dannacaballeroh@gmail.com
mail@adriansalazar.io
lilianhdz27@gmail.com
lau.jimenezbernal@gmail.com
manusanchez2204@gmail.com
cmfajardo6@gmail.com
clemenduque@hotmail.com
dominiquemjalil@gmail.com
vazquezcr1959@gmail.com
jainny.arismendi@gmail.com
ftabaresalzate@gmail.com
jorgegasi@gmail.com
